[INFO] Scanning for projects...
[INFO] 
[INFO] ----------------------< com.example:pts-backend >-----------------------
[INFO] Building pts-backend 0.0.1-SNAPSHOT
[INFO]   from pom.xml
[INFO] --------------------------------[ jar ]---------------------------------
[INFO] 
[INFO] --- clean:3.3.2:clean (default-clean) @ pts-backend ---
[INFO] Deleting C:\Users\yaswa\Documents\desktop apps\projects\pts\backend\target
[INFO] 
[INFO] --- resources:3.3.1:resources (default-resources) @ pts-backend ---
[INFO] Copying 1 resource from src\main\resources to target\classes
[INFO] Copying 0 resource from src\main\resources to target\classes
[INFO] 
[INFO] --- compiler:3.11.0:compile (default-compile) @ pts-backend ---
[INFO] Changes detected - recompiling the module! :source
[INFO] Compiling 26 source files with javac [debug release 21] to target\classes
[INFO] Annotation processing is enabled because one or more processors were found
  on the class path. A future release of javac may disable annotation processing
  unless at least one processor is specified by name (-processor), or a search
  path is specified (--processor-path, --processor-module-path), or annotation
  processing is enabled explicitly (-proc:only, -proc:full).
  Use -Xlint:-options to suppress this message.
  Use -proc:none to disable annotation processing.
[INFO] -------------------------------------------------------------
[ERROR] COMPILATION ERROR : 
[INFO] -------------------------------------------------------------
[ERROR] /C:/Users/yaswa/Documents/desktop apps/projects/pts/backend/src/main/java/com/example/pts/model/Job.java:[1,1] illegal character: '`'
[ERROR] /C:/Users/yaswa/Documents/desktop apps/projects/pts/backend/src/main/java/com/example/pts/model/Job.java:[1,10] class, interface, enum, or record expected
[ERROR] /C:/Users/yaswa/Documents/desktop apps/projects/pts/backend/src/main/java/com/example/pts/model/Job.java:[3,1] class, interface, enum, or record expected
[ERROR] /C:/Users/yaswa/Documents/desktop apps/projects/pts/backend/src/main/java/com/example/pts/model/Job.java:[4,1] class, interface, enum, or record expected
[ERROR] /C:/Users/yaswa/Documents/desktop apps/projects/pts/backend/src/main/java/com/example/pts/model/Job.java:[5,1] class, interface, enum, or record expected
[ERROR] /C:/Users/yaswa/Documents/desktop apps/projects/pts/backend/src/main/java/com/example/pts/model/Job.java:[6,1] class, interface, enum, or record expected
[ERROR] /C:/Users/yaswa/Documents/desktop apps/projects/pts/backend/src/main/java/com/example/pts/model/Job.java:[7,1] class, interface, enum, or record expected
[INFO] 7 errors 
[INFO] -------------------------------------------------------------
[INFO] ------------------------------------------------------------------------
[INFO] BUILD FAILURE
[INFO] ------------------------------------------------------------------------
[INFO] Total time:  3.597 s
[INFO] Finished at: 2026-04-03T18:57:34+05:30
[INFO] ------------------------------------------------------------------------
[ERROR] Failed to execute goal org.apache.maven.plugins:maven-compiler-plugin:3.11.0:compile (default-compile) on project pts-backend: Compilation failure: Compilation failure: 
[ERROR] /C:/Users/yaswa/Documents/desktop apps/projects/pts/backend/src/main/java/com/example/pts/model/Job.java:[1,1] illegal character: '`'
[ERROR] /C:/Users/yaswa/Documents/desktop apps/projects/pts/backend/src/main/java/com/example/pts/model/Job.java:[1,10] class, interface, enum, or record expected
[ERROR] /C:/Users/yaswa/Documents/desktop apps/projects/pts/backend/src/main/java/com/example/pts/model/Job.java:[3,1] class, interface, enum, or record expected
[ERROR] /C:/Users/yaswa/Documents/desktop apps/projects/pts/backend/src/main/java/com/example/pts/model/Job.java:[4,1] class, interface, enum, or record expected
[ERROR] /C:/Users/yaswa/Documents/desktop apps/projects/pts/backend/src/main/java/com/example/pts/model/Job.java:[5,1] class, interface, enum, or record expected
[ERROR] /C:/Users/yaswa/Documents/desktop apps/projects/pts/backend/src/main/java/com/example/pts/model/Job.java:[6,1] class, interface, enum, or record expected
[ERROR] /C:/Users/yaswa/Documents/desktop apps/projects/pts/backend/src/main/java/com/example/pts/model/Job.java:[7,1] class, interface, enum, or record expected
[ERROR] -> [Help 1]
[ERROR] 
[ERROR] To see the full stack trace of the errors, re-run Maven with the -e switch.
[ERROR] Re-run Maven using the -X switch to enable full debug logging.
[ERROR] 
[ERROR] For more information about the errors and possible solutions, please read the following articles:
[ERROR] [Help 1] http://cwiki.apache.org/confluence/display/MAVEN/MojoFailureException
